
> frontend@0.1.0 dev
> next dev

 ⚠ Port 3000 is in use, trying 3001 instead.
 ⚠ Port 3001 is in use, trying 3002 instead.
 ⚠ Port 3002 is in use, trying 3003 instead.
  ▲ Next.js 14.2.3
  - Local:        http://localhost:3003

 ✓ Starting...
 ✓ Ready in 3s
 ○ Compiling / ...
 ✓ Compiled / in 9.2s (727 modules)
 GET / 200 in 10626ms
 ✓ Compiled in 1430ms (326 modules)
(node:14143) [DEP0060] DeprecationWarning: The `util._extend` API is deprecated. Please use Object.assign() instead.
(Use `node --trace-deprecation ...` to show where the warning was created)
Failed to proxy http://localhost:5001/teams AggregateError [ECONNREFUSED]:
    at internalConnectMultiple (node:net:1134:18)
    at afterConnectMultiple (node:net:1715:7)
    at TCPConnectWrap.callbackTrampoline (node:internal/async_hooks:130:17) {
  code: 'ECONNREFUSED',
  [errors]: [
    Error: connect ECONNREFUSED ::1:5001
        at createConnectionError (node:net:1678:14)
        at afterConnectMultiple (node:net:1708:16)
        at TCPConnectWrap.callbackTrampoline (node:internal/async_hooks:130:17) {
      errno: -111,
      code: 'ECONNREFUSED',
      syscall: 'connect',
      address: '::1',
      port: 5001
    },
    Error: connect ECONNREFUSED 127.0.0.1:5001
        at createConnectionError (node:net:1678:14)
        at afterConnectMultiple (node:net:1708:16)
        at TCPConnectWrap.callbackTrampoline (node:internal/async_hooks:130:17) {
      errno: -111,
      code: 'ECONNREFUSED',
      syscall: 'connect',
      address: '127.0.0.1',
      port: 5001
    }
  ]
}
AggregateError [ECONNREFUSED]:
    at internalConnectMultiple (node:net:1134:18)
    at afterConnectMultiple (node:net:1715:7)
    at TCPConnectWrap.callbackTrampoline (node:internal/async_hooks:130:17) {
  code: 'ECONNREFUSED',
  [errors]: [
    Error: connect ECONNREFUSED ::1:5001
        at createConnectionError (node:net:1678:14)
        at afterConnectMultiple (node:net:1708:16)
        at TCPConnectWrap.callbackTrampoline (node:internal/async_hooks:130:17) {
      errno: -111,
      code: 'ECONNREFUSED',
      syscall: 'connect',
      address: '::1',
      port: 5001
    },
    Error: connect ECONNREFUSED 127.0.0.1:5001
        at createConnectionError (node:net:1678:14)
        at afterConnectMultiple (node:net:1708:16)
        at TCPConnectWrap.callbackTrampoline (node:internal/async_hooks:130:17) {
      errno: -111,
      code: 'ECONNREFUSED',
      syscall: 'connect',
      address: '127.0.0.1',
      port: 5001
    }
  ]
}
Failed to proxy http://localhost:5001/teams AggregateError [ECONNREFUSED]:
    at internalConnectMultiple (node:net:1134:18)
    at afterConnectMultiple (node:net:1715:7)
    at TCPConnectWrap.callbackTrampoline (node:internal/async_hooks:130:17) {
  code: 'ECONNREFUSED',
  [errors]: [
    Error: connect ECONNREFUSED ::1:5001
        at createConnectionError (node:net:1678:14)
        at afterConnectMultiple (node:net:1708:16)
        at TCPConnectWrap.callbackTrampoline (node:internal/async_hooks:130:17) {
      errno: -111,
      code: 'ECONNREFUSED',
      syscall: 'connect',
      address: '::1',
      port: 5001
    },
    Error: connect ECONNREFUSED 127.0.0.1:5001
        at createConnectionError (node:net:1678:14)
        at afterConnectMultiple (node:net:1708:16)
        at TCPConnectWrap.callbackTrampoline (node:internal/async_hooks:130:17) {
      errno: -111,
      code: 'ECONNREFUSED',
      syscall: 'connect',
      address: '127.0.0.1',
      port: 5001
    }
  ]
}
AggregateError [ECONNREFUSED]:
    at internalConnectMultiple (node:net:1134:18)
    at afterConnectMultiple (node:net:1715:7)
    at TCPConnectWrap.callbackTrampoline (node:internal/async_hooks:130:17) {
  code: 'ECONNREFUSED',
  [errors]: [
    Error: connect ECONNREFUSED ::1:5001
        at createConnectionError (node:net:1678:14)
        at afterConnectMultiple (node:net:1708:16)
        at TCPConnectWrap.callbackTrampoline (node:internal/async_hooks:130:17) {
      errno: -111,
      code: 'ECONNREFUSED',
      syscall: 'connect',
      address: '::1',
      port: 5001
    },
    Error: connect ECONNREFUSED 127.0.0.1:5001
        at createConnectionError (node:net:1678:14)
        at afterConnectMultiple (node:net:1708:16)
        at TCPConnectWrap.callbackTrampoline (node:internal/async_hooks:130:17) {
      errno: -111,
      code: 'ECONNREFUSED',
      syscall: 'connect',
      address: '127.0.0.1',
      port: 5001
    }
  ]
}
 ○ Compiling /_error ...
 ✓ Compiled /_error in 3.7s (934 modules)
 GET / 200 in 246ms
Failed to proxy http://localhost:5001/teams AggregateError [ECONNREFUSED]:
    at internalConnectMultiple (node:net:1134:18)
    at afterConnectMultiple (node:net:1715:7)
    at TCPConnectWrap.callbackTrampoline (node:internal/async_hooks:130:17) {
  code: 'ECONNREFUSED',
  [errors]: [
    Error: connect ECONNREFUSED ::1:5001
        at createConnectionError (node:net:1678:14)
        at afterConnectMultiple (node:net:1708:16)
        at TCPConnectWrap.callbackTrampoline (node:internal/async_hooks:130:17) {
      errno: -111,
      code: 'ECONNREFUSED',
      syscall: 'connect',
      address: '::1',
      port: 5001
    },
    Error: connect ECONNREFUSED 127.0.0.1:5001
        at createConnectionError (node:net:1678:14)
        at afterConnectMultiple (node:net:1708:16)
        at TCPConnectWrap.callbackTrampoline (node:internal/async_hooks:130:17) {
      errno: -111,
      code: 'ECONNREFUSED',
      syscall: 'connect',
      address: '127.0.0.1',
      port: 5001
    }
  ]
}
AggregateError [ECONNREFUSED]:
    at internalConnectMultiple (node:net:1134:18)
    at afterConnectMultiple (node:net:1715:7)
    at TCPConnectWrap.callbackTrampoline (node:internal/async_hooks:130:17) {
  code: 'ECONNREFUSED',
  [errors]: [
    Error: connect ECONNREFUSED ::1:5001
        at createConnectionError (node:net:1678:14)
        at afterConnectMultiple (node:net:1708:16)
        at TCPConnectWrap.callbackTrampoline (node:internal/async_hooks:130:17) {
      errno: -111,
      code: 'ECONNREFUSED',
      syscall: 'connect',
      address: '::1',
      port: 5001
    },
    Error: connect ECONNREFUSED 127.0.0.1:5001
        at createConnectionError (node:net:1678:14)
        at afterConnectMultiple (node:net:1708:16)
        at TCPConnectWrap.callbackTrampoline (node:internal/async_hooks:130:17) {
      errno: -111,
      code: 'ECONNREFUSED',
      syscall: 'connect',
      address: '127.0.0.1',
      port: 5001
    }
  ]
}
Failed to proxy http://localhost:5001/teams AggregateError [ECONNREFUSED]:
    at internalConnectMultiple (node:net:1134:18)
    at afterConnectMultiple (node:net:1715:7)
    at TCPConnectWrap.callbackTrampoline (node:internal/async_hooks:130:17) {
  code: 'ECONNREFUSED',
  [errors]: [
    Error: connect ECONNREFUSED ::1:5001
        at createConnectionError (node:net:1678:14)
        at afterConnectMultiple (node:net:1708:16)
        at TCPConnectWrap.callbackTrampoline (node:internal/async_hooks:130:17) {
      errno: -111,
      code: 'ECONNREFUSED',
      syscall: 'connect',
      address: '::1',
      port: 5001
    },
    Error: connect ECONNREFUSED 127.0.0.1:5001
        at createConnectionError (node:net:1678:14)
        at afterConnectMultiple (node:net:1708:16)
        at TCPConnectWrap.callbackTrampoline (node:internal/async_hooks:130:17) {
      errno: -111,
      code: 'ECONNREFUSED',
      syscall: 'connect',
      address: '127.0.0.1',
      port: 5001
    }
  ]
}
AggregateError [ECONNREFUSED]:
    at internalConnectMultiple (node:net:1134:18)
    at afterConnectMultiple (node:net:1715:7)
    at TCPConnectWrap.callbackTrampoline (node:internal/async_hooks:130:17) {
  code: 'ECONNREFUSED',
  [errors]: [
    Error: connect ECONNREFUSED ::1:5001
        at createConnectionError (node:net:1678:14)
        at afterConnectMultiple (node:net:1708:16)
        at TCPConnectWrap.callbackTrampoline (node:internal/async_hooks:130:17) {
      errno: -111,
      code: 'ECONNREFUSED',
      syscall: 'connect',
      address: '::1',
      port: 5001
    },
    Error: connect ECONNREFUSED 127.0.0.1:5001
        at createConnectionError (node:net:1678:14)
        at afterConnectMultiple (node:net:1708:16)
        at TCPConnectWrap.callbackTrampoline (node:internal/async_hooks:130:17) {
      errno: -111,
      code: 'ECONNREFUSED',
      syscall: 'connect',
      address: '127.0.0.1',
      port: 5001
    }
  ]
}
 ○ Compiling /admin/login ...
 ✓ Compiled /admin/login in 515ms (942 modules)
 GET /admin/login 200 in 680ms
